3 81 130 203 150 174 190 30 31 
32 not exist
30 exist
150 exist
150 not exist
150 exist
3 not exist
3 exist
3 not exist
30 not exist
30 exist
30 not exist
